# serializer version: 1
# name: test_main
  'Hello, World!'
# ---
